// Vitest Snapshot v1, https://vitest.dev/guide/snapshot.html

exports[`Settings component > renders correctly and matches snapshot 1`] = `
{
  "asFragment": [Function],
  "baseElement": <body>
    <div>
      <h2
        class="ant-typography css-dev-only-do-not-override-14i19y2"
      >
        Settings
      </h2>
      <div
        class="ant-divider css-dev-only-do-not-override-14i19y2 ant-divider-horizontal"
        role="separator"
      />
      <h3
        class="ant-typography css-dev-only-do-not-override-14i19y2"
      >
        System Monitor
      </h3>
      <form
        class="ant-form ant-form-vertical css-dev-only-do-not-override-14i19y2"
      >
        <div
          class="ant-form-item css-dev-only-do-not-override-14i19y2 ant-form-item-has-success"
        >
          <div
            class="ant-row ant-form-item-row css-dev-only-do-not-override-14i19y2"
          >
            <div
              class="ant-col ant-form-item-label css-dev-only-do-not-override-14i19y2"
            >
              <label
                class="ant-form-item-required"
                for="refreshTime"
                title="System Monitor Refresh Time"
              >
                System Monitor Refresh Time
              </label>
            </div>
            <div
              class="ant-col ant-form-item-control css-dev-only-do-not-override-14i19y2"
            >
              <div
                class="ant-form-item-control-input"
              >
                <div
                  class="ant-form-item-control-input-content"
                >
                  <input
                    aria-required="true"
                    class="ant-input css-dev-only-do-not-override-14i19y2 ant-input-outlined ant-input-status-success"
                    id="refreshTime"
                    placeholder="Enter refresh time in seconds"
                    type="number"
                    value="60"
                  />
                </div>
              </div>
            </div>
          </div>
        </div>
        <div
          class="ant-divider css-dev-only-do-not-override-14i19y2 ant-divider-horizontal"
          role="separator"
        />
        <h3
          class="ant-typography css-dev-only-do-not-override-14i19y2"
        >
          Host Scan
        </h3>
        <div
          class="ant-form-item css-dev-only-do-not-override-14i19y2 ant-form-item-has-success"
        >
          <div
            class="ant-row ant-form-item-row css-dev-only-do-not-override-14i19y2"
          >
            <div
              class="ant-col ant-form-item-label css-dev-only-do-not-override-14i19y2"
            >
              <label
                class="ant-form-item-required"
                for="hostInterval"
                title="Host Scan Interval"
              >
                Host Scan Interval
              </label>
            </div>
            <div
              class="ant-col ant-form-item-control css-dev-only-do-not-override-14i19y2"
            >
              <div
                class="ant-form-item-control-input"
              >
                <div
                  class="ant-form-item-control-input-content"
                >
                  <input
                    aria-required="true"
                    class="ant-input css-dev-only-do-not-override-14i19y2 ant-input-outlined ant-input-status-success"
                    id="hostInterval"
                    placeholder="Enter host scan interval in seconds"
                    type="number"
                    value="60"
                  />
                </div>
              </div>
            </div>
          </div>
        </div>
        <div
          class="ant-form-item css-dev-only-do-not-override-14i19y2"
        >
          <div
            class="ant-row ant-form-item-row css-dev-only-do-not-override-14i19y2"
          >
            <div
              class="ant-col ant-form-item-control css-dev-only-do-not-override-14i19y2"
            >
              <div
                class="ant-form-item-control-input"
              >
                <div
                  class="ant-form-item-control-input-content"
                >
                  <button
                    class="ant-btn css-dev-only-do-not-override-14i19y2 ant-btn-primary"
                    type="submit"
                  >
                    <span>
                      Submit
                    </span>
                  </button>
                </div>
              </div>
            </div>
          </div>
        </div>
      </form>
    </div>
  </body>,
  "container": <div>
    <h2
      class="ant-typography css-dev-only-do-not-override-14i19y2"
    >
      Settings
    </h2>
    <div
      class="ant-divider css-dev-only-do-not-override-14i19y2 ant-divider-horizontal"
      role="separator"
    />
    <h3
      class="ant-typography css-dev-only-do-not-override-14i19y2"
    >
      System Monitor
    </h3>
    <form
      class="ant-form ant-form-vertical css-dev-only-do-not-override-14i19y2"
    >
      <div
        class="ant-form-item css-dev-only-do-not-override-14i19y2 ant-form-item-has-success"
      >
        <div
          class="ant-row ant-form-item-row css-dev-only-do-not-override-14i19y2"
        >
          <div
            class="ant-col ant-form-item-label css-dev-only-do-not-override-14i19y2"
          >
            <label
              class="ant-form-item-required"
              for="refreshTime"
              title="System Monitor Refresh Time"
            >
              System Monitor Refresh Time
            </label>
          </div>
          <div
            class="ant-col ant-form-item-control css-dev-only-do-not-override-14i19y2"
          >
            <div
              class="ant-form-item-control-input"
            >
              <div
                class="ant-form-item-control-input-content"
              >
                <input
                  aria-required="true"
                  class="ant-input css-dev-only-do-not-override-14i19y2 ant-input-outlined ant-input-status-success"
                  id="refreshTime"
                  placeholder="Enter refresh time in seconds"
                  type="number"
                  value="60"
                />
              </div>
            </div>
          </div>
        </div>
      </div>
      <div
        class="ant-divider css-dev-only-do-not-override-14i19y2 ant-divider-horizontal"
        role="separator"
      />
      <h3
        class="ant-typography css-dev-only-do-not-override-14i19y2"
      >
        Host Scan
      </h3>
      <div
        class="ant-form-item css-dev-only-do-not-override-14i19y2 ant-form-item-has-success"
      >
        <div
          class="ant-row ant-form-item-row css-dev-only-do-not-override-14i19y2"
        >
          <div
            class="ant-col ant-form-item-label css-dev-only-do-not-override-14i19y2"
          >
            <label
              class="ant-form-item-required"
              for="hostInterval"
              title="Host Scan Interval"
            >
              Host Scan Interval
            </label>
          </div>
          <div
            class="ant-col ant-form-item-control css-dev-only-do-not-override-14i19y2"
          >
            <div
              class="ant-form-item-control-input"
            >
              <div
                class="ant-form-item-control-input-content"
              >
                <input
                  aria-required="true"
                  class="ant-input css-dev-only-do-not-override-14i19y2 ant-input-outlined ant-input-status-success"
                  id="hostInterval"
                  placeholder="Enter host scan interval in seconds"
                  type="number"
                  value="60"
                />
              </div>
            </div>
          </div>
        </div>
      </div>
      <div
        class="ant-form-item css-dev-only-do-not-override-14i19y2"
      >
        <div
          class="ant-row ant-form-item-row css-dev-only-do-not-override-14i19y2"
        >
          <div
            class="ant-col ant-form-item-control css-dev-only-do-not-override-14i19y2"
          >
            <div
              class="ant-form-item-control-input"
            >
              <div
                class="ant-form-item-control-input-content"
              >
                <button
                  class="ant-btn css-dev-only-do-not-override-14i19y2 ant-btn-primary"
                  type="submit"
                >
                  <span>
                    Submit
                  </span>
                </button>
              </div>
            </div>
          </div>
        </div>
      </div>
    </form>
  </div>,
  "debug": [Function],
  "findAllByAltText": [Function],
  "findAllByDisplayValue": [Function],
  "findAllByLabelText": [Function],
  "findAllByPlaceholderText": [Function],
  "findAllByRole": [Function],
  "findAllByTestId": [Function],
  "findAllByText": [Function],
  "findAllByTitle": [Function],
  "findByAltText": [Function],
  "findByDisplayValue": [Function],
  "findByLabelText": [Function],
  "findByPlaceholderText": [Function],
  "findByRole": [Function],
  "findByTestId": [Function],
  "findByText": [Function],
  "findByTitle": [Function],
  "getAllByAltText": [Function],
  "getAllByDisplayValue": [Function],
  "getAllByLabelText": [Function],
  "getAllByPlaceholderText": [Function],
  "getAllByRole": [Function],
  "getAllByTestId": [Function],
  "getAllByText": [Function],
  "getAllByTitle": [Function],
  "getByAltText": [Function],
  "getByDisplayValue": [Function],
  "getByLabelText": [Function],
  "getByPlaceholderText": [Function],
  "getByRole": [Function],
  "getByTestId": [Function],
  "getByText": [Function],
  "getByTitle": [Function],
  "queryAllByAltText": [Function],
  "queryAllByDisplayValue": [Function],
  "queryAllByLabelText": [Function],
  "queryAllByPlaceholderText": [Function],
  "queryAllByRole": [Function],
  "queryAllByTestId": [Function],
  "queryAllByText": [Function],
  "queryAllByTitle": [Function],
  "queryByAltText": [Function],
  "queryByDisplayValue": [Function],
  "queryByLabelText": [Function],
  "queryByPlaceholderText": [Function],
  "queryByRole": [Function],
  "queryByTestId": [Function],
  "queryByText": [Function],
  "queryByTitle": [Function],
  "rerender": [Function],
  "unmount": [Function],
}
`;
